# c=0.5 tau=2.0 Nmax=600
fixed/curtailed: B  err  curtailed_mean_n
       1  0.2060        1.0
       3  0.1508        2.3
       5  0.1244        3.6
       9  0.0966        6.3
      15  0.0757       10.3
      31  0.0515       21.0
      63  0.0336       42.3
     127  0.0206       84.9
     255  0.0115      170.2
     511  0.0053      340.8
    1023  0.0016      682.2
    2047  0.0002     1364.6
bayes oracle (dp 994s): L  E[n]  err
        10        1.0  0.2060
        30        2.9  0.1225
       100        5.3  0.0843
       300       11.5  0.0455
      1000       25.2  0.0192
      3000       42.5  0.0085
     10000       59.1  0.0053
     30000       71.2  0.0045
    100000       82.9  0.0043
certified (anytime, mixture LR): alpha  mean_n  err  abstain  [Mmax=4*Nmax, 1500 cases]
   0.20      179.0  0.0153  0.0413
   0.05      249.4  0.0080  0.0553
   0.01      297.0  0.0113  0.0700
