# c=0.5 tau=1.0 Nmax=600
fixed/curtailed: B  err  curtailed_mean_n
       1  0.3010        1.0
       3  0.2425        2.4
       5  0.2103        3.9
       9  0.1731        6.9
      15  0.1426       11.4
      31  0.1045       23.3
      63  0.0743       47.3
     127  0.0509       95.2
     255  0.0334      191.2
     511  0.0205      383.3
    1023  0.0114      767.3
    2047  0.0053     1534.8
bayes oracle (dp 986s): L  E[n]  err
        10        1.0  0.3010
        30        3.3  0.2088
       100        6.6  0.1543
       300       17.7  0.0879
      1000       40.0  0.0476
      3000       74.4  0.0264
     10000      106.5  0.0200
     30000      128.1  0.0187
    100000      147.0  0.0183
certified (anytime, mixture LR): alpha  mean_n  err  abstain  [Mmax=4*Nmax, 1500 cases]
   0.20      323.1  0.0267  0.0833
   0.05      450.6  0.0180  0.1140
   0.01      526.3  0.0193  0.1347
