# c=0.01 tau=2.0 Nmax=12000
fixed/curtailed: B  err  curtailed_mean_n
       1  0.4256        1.0
       3  0.3681        2.8
       5  0.3341        4.5
       9  0.2897        7.7
      15  0.2484       12.1
      31  0.1933       22.6
      63  0.1608       40.1
     127  0.1205       86.6
     255  0.0911      167.1
     511  0.0642      343.2
    1023  0.0437      681.5
    2047  0.0284     1355.9
    4095  0.0172     2711.6
    8191  0.0091     5437.7
   16383  0.0038    10881.2
bayes oracle (dp 11188s): L  E[n]  err
        10        0.0  0.5000
        30        1.9  0.3918
       100        9.2  0.2736
       300       23.1  0.1912
      1000       64.8  0.1228
      3000      152.4  0.0729
     10000      354.2  0.0364
     30000      691.0  0.0168
    100000     1112.5  0.0085
certified (anytime, mixture LR): alpha  mean_n  err  abstain  [Mmax=4*Nmax, 1500 cases]
   0.20     5059.5  0.0133  0.0667
   0.05     6095.4  0.0140  0.0760
   0.01     6988.4  0.0087  0.0860
