# c=0.01 tau=1.0 Nmax=12000
fixed/curtailed: B  err  curtailed_mean_n
       1  0.4786        1.0
       3  0.4487        2.9
       5  0.4258        4.8
       9  0.3908        8.3
      15  0.3532       13.3
      31  0.2950       24.8
      63  0.2540       43.1
     127  0.2068       96.1
     255  0.1653      184.3
     511  0.1252      384.0
    1023  0.0918      764.3
    2047  0.0650     1524.2
    4095  0.0444     3042.9
    8191  0.0286     6106.9
   16383  0.0171    12244.3
bayes oracle (dp 11195s): L  E[n]  err
        10        0.0  0.5000
        30        0.0  0.5000
       100        6.6  0.4069
       300       26.7  0.2881
      1000       76.5  0.2092
      3000      206.2  0.1354
     10000      530.9  0.0772
     30000     1133.5  0.0426
    100000     1951.5  0.0265
certified (anytime, mixture LR): alpha  mean_n  err  abstain  [Mmax=4*Nmax, 1500 cases]
   0.20     8761.0  0.0280  0.1167
   0.05    11106.8  0.0200  0.1433
   0.01    12567.4  0.0153  0.1607
