# c=0.1 tau=2.0 Nmax=2000
fixed/curtailed: B  err  curtailed_mean_n
       1  0.3034        1.0
       3  0.2051        2.5
       5  0.1743        3.6
       9  0.1658        5.6
      15  0.1192       10.2
      31  0.0869       21.3
      63  0.0606       42.4
     127  0.0412       84.3
     255  0.0261      169.6
     511  0.0153      340.2
    1023  0.0079      680.6
    2047  0.0030     1361.4
    4095  0.0006     2724.1
bayes oracle (dp 7221s): L  E[n]  err
        10        1.0  0.3034
        30        2.4  0.2051
       100        6.7  0.1309
       300       16.2  0.0762
      1000       37.0  0.0388
      3000       73.4  0.0177
     10000      128.3  0.0071
     30000      173.8  0.0043
    100000      215.8  0.0034
certified (anytime, mixture LR): alpha  mean_n  err  abstain  [Mmax=4*Nmax, 1500 cases]
   0.20      594.1  0.0147  0.0387
   0.05      815.7  0.0113  0.0607
   0.01      934.5  0.0067  0.0680
