# c=0.5 tau=0.5 Nmax=600
fixed/curtailed: B  err  curtailed_mean_n
       1  0.3829        1.0
       3  0.3363        2.5
       5  0.3068        4.1
       9  0.2686        7.3
      15  0.2336       12.3
      31  0.1844       25.4
      63  0.1406       52.0
     127  0.1037      105.4
     255  0.0739      211.9
     511  0.0508      425.2
    1023  0.0333      851.8
    2047  0.0205     1705.1
bayes oracle (dp 989s): L  E[n]  err
        10        1.0  0.3829
        30        1.0  0.3829
       100        7.7  0.2457
       300       23.9  0.1575
      1000       60.3  0.0952
      3000      119.8  0.0601
     10000      174.3  0.0491
     30000      207.9  0.0470
    100000      235.7  0.0465
certified (anytime, mixture LR): alpha  mean_n  err  abstain  [Mmax=4*Nmax, 1500 cases]
   0.20      594.3  0.0513  0.1607
   0.05      771.1  0.0320  0.2047
   0.01      896.1  0.0300  0.2467
