# c=0.1 tau=1.0 Nmax=2000
fixed/curtailed: B  err  curtailed_mean_n
       1  0.3949        1.0
       3  0.3055        2.6
       5  0.2704        3.8
       9  0.2569        5.8
      15  0.2038       11.1
      31  0.1598       23.7
      63  0.1194       47.1
     127  0.0874       94.1
     255  0.0609      190.1
     511  0.0409      382.6
    1023  0.0261      765.9
    2047  0.0153     1531.7
    4095  0.0079     3064.5
bayes oracle (dp 7228s): L  E[n]  err
        10        1.0  0.3949
        30        2.6  0.3055
       100        7.6  0.2194
       300       21.5  0.1402
      1000       54.8  0.0811
      3000      118.9  0.0445
     10000      230.6  0.0232
     30000      321.1  0.0176
    100000      396.3  0.0161
certified (anytime, mixture LR): alpha  mean_n  err  abstain  [Mmax=4*Nmax, 1500 cases]
   0.20     1155.9  0.0260  0.0867
   0.05     1435.8  0.0160  0.1060
   0.01     1667.5  0.0093  0.1293
