# c=0.1 tau=0.5 Nmax=2000
fixed/curtailed: B  err  curtailed_mean_n
       1  0.4501        1.0
       3  0.3907        2.7
       5  0.3616        4.0
       9  0.3467        6.0
      15  0.3011       11.7
      31  0.2549       25.6
      63  0.2046       51.4
     127  0.1601      103.1
     255  0.1198      210.1
     511  0.0869      424.1
    1023  0.0609      849.4
    2047  0.0409     1701.0
    4095  0.0261     3405.8
bayes oracle (dp 7246s): L  E[n]  err
        10        0.0  0.5000
        30        1.9  0.4153
       100        6.2  0.3353
       300       23.6  0.2369
      1000       72.2  0.1508
      3000      175.3  0.0922
     10000      374.9  0.0545
     30000      533.6  0.0446
    100000      653.7  0.0422
certified (anytime, mixture LR): alpha  mean_n  err  abstain  [Mmax=4*Nmax, 1500 cases]
   0.20     2050.7  0.0407  0.1660
   0.05     2519.4  0.0233  0.2067
   0.01     2916.5  0.0293  0.2347
