# c=0.01 tau=0.5 Nmax=12000
fixed/curtailed: B  err  curtailed_mean_n
       1  0.4935        1.0
       3  0.4816        3.0
       5  0.4707        4.9
       9  0.4516        8.6
      15  0.4279       13.8
      31  0.3847       26.1
      63  0.3473       45.3
     127  0.3059      103.0
     255  0.2601      198.8
     511  0.2125      419.8
    1023  0.1666      839.2
    2047  0.1264     1680.5
    4095  0.0929     3365.5
    8191  0.0653     6777.4
   16383  0.0442    13603.6
bayes oracle (dp 11197s): L  E[n]  err
        10        0.0  0.5000
        30        0.0  0.5000
       100        0.0  0.5000
       300       21.7  0.3981
      1000       65.5  0.3238
      3000      233.8  0.2292
     10000      712.1  0.1446
     30000     1695.5  0.0886
    100000     3121.6  0.0605
certified (anytime, mixture LR): alpha  mean_n  err  abstain  [Mmax=4*Nmax, 1500 cases]
   0.20    15691.9  0.0407  0.2233
   0.05    18810.9  0.0407  0.2587
   0.01    21028.6  0.0287  0.2887
